// Jest Snapshot v1, https://goo.gl/fbAQLP

exports[`Button test cases render check 1`] = `
<DocumentFragment>
  <button
    class="css-1d7q7nd"
    color="primary"
  >
    Buton
  </button>
</DocumentFragment>
`;
